Error al generar exámenes: 
Traceback (most recent call last):
  File "/app/src/gestion_examenes/rutas.py", line 219, in generar_examenes
    raise HTTPException(
fastapi.exceptions.HTTPException
